---
namespace: Parse
expectation: Fail
outputs:
  - "Error [EPAR0370041]: Each member declaration in a struct or record must be followed by a comma (except the last).\n    --> test:4:14\n     |\n   4 |         x: u8;\n     |              ^\nError [EPAR0370009]: unexpected string: expected 'identifier', found ';'\n    --> test:4:14\n     |\n   4 |         x: u8;\n     |              ^"
