---
namespace: Compile
expectation: Pass
outputs:
  - - compile:
        - initial_symbol_table: d964d8a38b2e4c8e33fd7a00bb030825ad72e30dc6530ebbe8196fca68a93e90
          type_checked_symbol_table: 0cb246294e6a9c962e0596a8ff53a451bce88a9edfe538fbe86dfd919f789921
          unrolled_symbol_table: 0cb246294e6a9c962e0596a8ff53a451bce88a9edfe538fbe86dfd919f789921
          initial_ast: 35bd2bdf56095dd40ac177376dc338e04f1c08c7319d2412b51a23478ad098e8
          unrolled_ast: 35bd2bdf56095dd40ac177376dc338e04f1c08c7319d2412b51a23478ad098e8
          ssa_ast: d2990bbfa8df60235f5df4065f98680019c6a4fcf9793a6f980f0365b84b6681
          flattened_ast: 4f38814ab57e9f6b3d19fe9f77f2b55a78a295fab5a0141624303c654c0fa57a
          destructured_ast: 79cd2e10db60a3edb72d6fc60948e546aa5d802f1ec59ddbb0879659908a296a
          inlined_ast: 3b4a09203106b129a51aac843cf1cbf302f58e136c55f3a0e18f5bebc6a616be
          dce_ast: 9adc8fd775f02506e08404f56c7c9ea6cd09971594f25078072fbc658dfa8057
          bytecode: 023b08025f2aa0f03538528dde0e9b8e6ddf7efb3feb3af35ff79a1d930e42cc
          errors: ""
          warnings: ""
