namespace = "Compile"
expectation = "Pass"
outputs = [[{ compile = [{ initial_symbol_table = "c138455fffa3721dbe11d7de65dd88130421ec4f07524779ff45ee87d01715d6", type_checked_symbol_table = "ead044ce635fb4af279cc26d4a8947b27e584ea3c606191e391392fbcc67e39a", unrolled_symbol_table = "ead044ce635fb4af279cc26d4a8947b27e584ea3c606191e391392fbcc67e39a", initial_ast = "4eaffbe5275c9202a13ecd96325d64711dd28510408da03cb69305b957cc0e88", unrolled_ast = "4eaffbe5275c9202a13ecd96325d64711dd28510408da03cb69305b957cc0e88", ssa_ast = "d9500a5e75ac40d45f1cb1ca6e625f9a1dee7e46f3071016f52d5290af49ab70", flattened_ast = "72ecc5ed171c827877906534005f04450bb636efea54c08507026e6b15857862", destructured_ast = "aed326f6c20b340137dd91f2303705c2c71d7b34140967a74ba3508e612c3399", inlined_ast = "db6efe2d8c097043958fb85b644a36a6f888adc58772596ef6656087075fa8bd", dce_ast = "850d749160d2a12943ad2e94d47a83b1475bbc224830ab74f4ec598cc6f826d4", bytecode = "fffe093215f68fcc292f2c7b67e847897cd0334cdbf4a410f288d7957541a1d3", errors = "", warnings = "" }] }]]
