---
namespace: Compile
expectation: Pass
outputs:
  - - compile:
        - initial_symbol_table: 38ad3bcd37a0f5ed42c4a5872d672838cf9c898915be3b5bd7cbe2e2c951116d
          type_checked_symbol_table: b06fff41daf8404608d3d84047a555f8b8abffceb060e9bd6c30d66d53044de3
          unrolled_symbol_table: b06fff41daf8404608d3d84047a555f8b8abffceb060e9bd6c30d66d53044de3
          initial_ast: aebc1a11c608a03ea9a3c30d82b635663b49753effe19404d97f273f58186b14
          unrolled_ast: aebc1a11c608a03ea9a3c30d82b635663b49753effe19404d97f273f58186b14
          ssa_ast: d227ff7eddc4e74d61b8e302f60fe9bf7b436f057606a4b5559d79af57ab3d1a
          flattened_ast: 05a894445077f3505e800a089c6ddc475826a9de0f0a1b134c98512ea738e049
          destructured_ast: 924a5eb5bd60f7537b4669db6e393e6945bab38ae99ee68c6750ffe4666ec7a4
          inlined_ast: 3b7bbfbbe85929f77a46135310d8d8fc2cd41396185ad3a1e2abe8ca91dcc8fb
          dce_ast: 011d693fae83c7f85f8cb3735aa82b0a0352301b0b0576ddb975bf93a578c32a
          bytecode: eb4f76423c610f5f9223118f9f7a7020f297e001cae4f5ceeac9d47101487966
          errors: ""
          warnings: ""
