namespace = "Compile"
expectation = "Pass"
outputs = [[{ compile = [{ initial_symbol_table = "d5ea2324dee9fefc1c1266aa3984173753649bfe5c3b90ecc38c1e9923a278a0", type_checked_symbol_table = "cd4b664d03514db45cebcbd9ba62b3403d49fb498838e73352e87cd7558d8cb7", unrolled_symbol_table = "cd4b664d03514db45cebcbd9ba62b3403d49fb498838e73352e87cd7558d8cb7", initial_ast = "0f32aead0f48227cb0c4c01f6e034c16e83b58c285fb02fda1b651389e6003b5", unrolled_ast = "0f32aead0f48227cb0c4c01f6e034c16e83b58c285fb02fda1b651389e6003b5", ssa_ast = "1eff92c09f76a87a712c3540266c67df2968a2a12c079d341fc42f1faf2024a9", flattened_ast = "76a3571ec39036a4e246c5a6e9f9cecff922d18d859cfa58e6165772872b3cbc", destructured_ast = "f5d61fc324d462caa8fd59843c5125da2306f1d2d5a87cc79c2b699c39228a6f", inlined_ast = "f5d61fc324d462caa8fd59843c5125da2306f1d2d5a87cc79c2b699c39228a6f", dce_ast = "abb41334bcee8b02f350d058659e62dc767c34393bb41ac2e4b6dc4127144bd8", bytecode = "d33387a022d43e9692d4e894d0f01081de02b7a97bca69ab6b769b9ee41672a2", errors = "", warnings = "" }] }]]
