---
namespace: Compile
expectation: Pass
outputs:
  - - compile:
        - initial_symbol_table: b0ff324bab016466fe1fca2bda97adeb161701ab4672d91b41146b5da9670c2d
          type_checked_symbol_table: caee45876db76ab86161fc873cb28207d70ea4729d392e855519ab1bf92d601b
          unrolled_symbol_table: 218eaa9124ad3e749032a408f978b28426b90f5c1528b00d057f44d389294c2f
          initial_ast: 6deebcd133753c70df38755447443e16cc528daee1b9832cd43abdb154276cba
          unrolled_ast: 480ca5e4a2b87dd0ef24c8eaa333c527b18e2f99aac30dbc10b07041cf1afef1
          ssa_ast: 6d2a5eea33565e9e6173cbd1ed3ab91e7aa1cad1868d6af5f6542ecabb0837a7
          flattened_ast: 9e8950b9c0afceabfb1a408fd75bf37c0c02544fbc34bdba964445f9e0ad86c4
          destructured_ast: cc73034601bb08edfc50cbd2561e65ef0a7a9f81ff91d40017ede94796a950a2
          inlined_ast: cc73034601bb08edfc50cbd2561e65ef0a7a9f81ff91d40017ede94796a950a2
          dce_ast: fafdebf410274a50ca44c9cc9e139686fe2701ea2f6e5715c8a586198fc6d4ec
          bytecode: d9595550f8a3d55b350b4f46059fb01bf63308aa4b4416594c2eb20231f6483a
          errors: ""
          warnings: ""
