---
namespace: Compile
expectation: Pass
outputs:
  - - compile:
        - initial_symbol_table: 86005cad24ea94a26f04e7899c160ea7ad8f4ebd1e66a17b5c3c07d584fd4e20
          type_checked_symbol_table: 1369f084c26ee96ae4e7b24f1b1a30e1474e25c854d15a0f80a00dada642c9a4
          unrolled_symbol_table: 1369f084c26ee96ae4e7b24f1b1a30e1474e25c854d15a0f80a00dada642c9a4
          initial_ast: 842ee5a0eccd43fb573d43ebc4e48954fccfdc53654b4b668ada246b2bec547c
          unrolled_ast: 842ee5a0eccd43fb573d43ebc4e48954fccfdc53654b4b668ada246b2bec547c
          ssa_ast: 6fb2f6a9338c3803b53aebe423e1af4fc412b3b26544a697162aa7224c367b1a
          flattened_ast: 81de1e35492ac630873b36da8e2e79ca97dea43075d2012a40d6e955a136a372
          destructured_ast: 96b7297c2564ed6f1cefcd66495d77b1ad8d59522050832058014169abe0ec35
          inlined_ast: 96b7297c2564ed6f1cefcd66495d77b1ad8d59522050832058014169abe0ec35
          dce_ast: 55779acb30ca29bcc70005552ff91b6a71361fbe942b97c0cc6e97de16ff3833
          bytecode: 5adbf2387ed6209b64c8248741f74929f524771803ef803d5d9f9f8fb0d66ee7
          errors: ""
          warnings: ""
