namespace = "Compile"
expectation = "Pass"
outputs = [[{ compile = [{ initial_symbol_table = "9dff67a7c8fe11726dabdd3e46bfde8428fa0b721a16e68666ef364610ae56ea", type_checked_symbol_table = "c29f92316145afc961424e33fc71957604128a4c97f03750fb49a73f552ac27c", unrolled_symbol_table = "7b41e8912a857d2573d4ac81030de767704fbb1c5f288b3204cfdc407f593b4f", initial_ast = "fddba4f56016625454f5d5da3fa81487ea9b30358b35269f8bf700976590cfb9", unrolled_ast = "02947c30c03d6e87c8afedbfb9dca639248a1777bfb4b9265ee62eb6280b617e", ssa_ast = "108f90cd2f8b1a79ec0ae244985a9213392e72eeed6caa8ef41ba5950ab11ef9", flattened_ast = "9e99b7bbde2469d636933a864ee61c8ca1e8a71b17eb7cc197fe709845aacaa9", destructured_ast = "3c5267ed38b2f3dc229c0c529ba13ba55f99f6a7dc1bfdb9ec65336d661a119d", inlined_ast = "3c5267ed38b2f3dc229c0c529ba13ba55f99f6a7dc1bfdb9ec65336d661a119d", dce_ast = "6b12f22ea0ca1d517910600d0fd13260e0eb5198595b1c458a4032e992bd4672", bytecode = "cca4637103b23653c5a99744693068186bc6d89052df73b09c1601c7f85f0eed", errors = "", warnings = "" }] }]]
