namespace = "Compile"
expectation = "Pass"
outputs = [[{ compile = [{ initial_symbol_table = "fe6582b9263c45c7e136548ec18514f5f08303e752df8be178ada8bd3efaa43a", type_checked_symbol_table = "89fd00e1312c30e9ca65746e5372a0516c3062b94273be4d0a1f731592a6d409", unrolled_symbol_table = "89fd00e1312c30e9ca65746e5372a0516c3062b94273be4d0a1f731592a6d409", initial_ast = "cef0b29d345936f527e1a8acf6d33cbab795e5e3561b46703bf6529afbfd5325", unrolled_ast = "cef0b29d345936f527e1a8acf6d33cbab795e5e3561b46703bf6529afbfd5325", ssa_ast = "30186fdf7cd60b3df1b6e55ff99ad7757cc3a1166c507fc8f16b9276f82f05aa", flattened_ast = "91c57b64e5de51c3759400c059f6887a2545378dfb5d4248bdaef87683d72cc5", destructured_ast = "8107bbc5a44f1f35d9cd072d10216c191cec865f0edee9ae96e5dcf559b714fb", inlined_ast = "8cea84d58a68f8f5b4fd079d7dc6e4da038721b4e2f83460c623a9e9b70f871d", dce_ast = "349d6d5523fbcbe1b08c856cbafb72abb96438b9a3380f6c25cb45966945f39b", bytecode = "45f844324d2a7baffe9e2e141911951fccd971bb72c5b22cfe65eefe368652c4", errors = "", warnings = "" }] }]]
