---
namespace: Compile
expectation: Pass
outputs:
  - - compile:
        - initial_symbol_table: db910ee56fa8210ddc12ba5a771a89b5174899cb8cd17619f2d24075f15761c2
          type_checked_symbol_table: 3e11fe04a08e53641ed58553df037e53f2b54d6fe2a8b702853f974dba5f24ed
          unrolled_symbol_table: 3e11fe04a08e53641ed58553df037e53f2b54d6fe2a8b702853f974dba5f24ed
          initial_ast: 82934829512375c02fee11224416622175c0f2c1fad225063ad561120b196a86
          unrolled_ast: 82934829512375c02fee11224416622175c0f2c1fad225063ad561120b196a86
          ssa_ast: 22caba0c620c5f9a63d4e3933d8cfc5d4728d42d40353a39c3617683d5f0c922
          flattened_ast: 2661a06a5f0d5a6c06b167543e8597a389e8b833552426229d8bef9e0b6a4770
          destructured_ast: 1df445bbfc16b4d425cc4edae448172f06c0abe275fd1b2755aab583ba28ecfb
          inlined_ast: 1df445bbfc16b4d425cc4edae448172f06c0abe275fd1b2755aab583ba28ecfb
          dce_ast: a867d006251c66d33490635cdd158dd6ee03669401b976e50c52ca215f1e5ff8
          bytecode: 447867c0cff55fb14313d71ddd48f1a8fbee509cd357304c12fba830841dcd09
          errors: ""
          warnings: ""
