namespace = "Compile"
expectation = "Pass"
outputs = [[{ compile = [{ initial_symbol_table = "55be9a7f26f8bd71befb12300e4ecd93c3b87a9c67140ca190d2c1e66a0a319e", type_checked_symbol_table = "e59145d5bc1be95c9e6bb228dafcad15accffec379901264362f8a9d01725015", unrolled_symbol_table = "e59145d5bc1be95c9e6bb228dafcad15accffec379901264362f8a9d01725015", initial_ast = "5055844ee4ce47add688b1260ccc956c789f6a9b03b25504a28c2fa5a9944724", unrolled_ast = "5055844ee4ce47add688b1260ccc956c789f6a9b03b25504a28c2fa5a9944724", ssa_ast = "8c698b44b29eb4c67ce4446ad66d53ebc87333d11f4e7acad23d488ae43e6353", flattened_ast = "6b9b17fd68f818533002fa71e605e0e5693b32b6e9b57258da156d12add0ebfe", destructured_ast = "ac574f67867653216e0ea0f60dff7b6676585f1fec7994be6df251721eef6eaa", inlined_ast = "8f599322efdea0ed835f8c9cb0006b3a7b9c984501bc6e8b9db3a908cb0cb31f", dce_ast = "2a2c6e970e680f5089732358493d1bc7bfe3e82c02c39f38b52a46ea2c16c634", bytecode = "3a623138dc01e5cfc8c7ceca800921c338261d48ffbf4538ce9e21235b0cbdc7", errors = "", warnings = "" }] }]]
