---
namespace: Compile
expectation: Pass
outputs:
  - - compile:
        - initial_symbol_table: 6d4128f767004e76e8281fa6a257c0513c8d8c48c96ae759718aff96a782502b
          type_checked_symbol_table: ca8fdc648a235b01466e0aa6306ce0d663bc2caf3bacdace0653048f8ec65b38
          unrolled_symbol_table: ca8fdc648a235b01466e0aa6306ce0d663bc2caf3bacdace0653048f8ec65b38
          initial_ast: 22e5ae5968afbbe73a278a85fbbe7839c91f8a6ae8b2a2ebc47b0f7c27b7b32c
          unrolled_ast: 22e5ae5968afbbe73a278a85fbbe7839c91f8a6ae8b2a2ebc47b0f7c27b7b32c
          ssa_ast: 1d4d764ebef58dd5f4ffa0fec746dc14ac6511394399d099ef901774cb23e687
          flattened_ast: 22bf54b3fd741c5d4c7c41f0f029e3c5e3fe476dcb7a69b7f96e891a94cd7ab8
          destructured_ast: c8340275d74390e77c3fc70512a9cafaa704b2a9a05d3163e8617bc601e50026
          inlined_ast: c8340275d74390e77c3fc70512a9cafaa704b2a9a05d3163e8617bc601e50026
          dce_ast: 6afbd919c00857be865c40edd9079d02dd02d7051f568bfe45d1baccfc4b4bf7
          bytecode: 0f55fff9989f92de241c4d91c5ac9c347b96c89b9615fb7e570b1b0d0021d5c1
          errors: ""
          warnings: ""
