---
namespace: Compile
expectation: Pass
outputs:
  - - compile:
        - initial_symbol_table: 2df53954a2e535354cf463aa4af0e16df0ad8bd404e32ae7a59112cccefc2e29
          type_checked_symbol_table: a9e1d417b5131d3f0b0fc218cacdfe9136bc2bf9025582383e0eeea208044784
          unrolled_symbol_table: e8c440f68fc7a2d3538959e7ec8ec4e90662e9a2599cd8d018fbebe942b4a29a
          initial_ast: 47423bb725b42e8571e55829ae6784b52be84366628d4ac08716969cabca10ac
          unrolled_ast: e0d4f372e90bd4ade1afacd971a09089fb41b993a1ee15800d76dccb86d3be35
          ssa_ast: b4217a2674509495998c8deb30435450caf0c6cd61e5745c916a919b8c2fdc80
          flattened_ast: d489c80166d3afe5c5220ad477c0b2ceba24affdb7b686cb799cdd7a09fc7189
          destructured_ast: 0602fda34468778931c9ed776235e0ece07e4bf1b825f89bd6052a842a55d44a
          inlined_ast: 59cdd4f3331557ccb86a4bd135735846be87b1710032dceebb3f46e92fc7ffd9
          dce_ast: b290496ff29a92895769c6dc6591a3205ea6429a4326df653504ab287e91fdb6
          bytecode: c5073e255b7504fbc368079e634a99935c6c645c9db6830212e2c6077f8ebf3f
          errors: ""
          warnings: ""
